
> @yigyaps/db@0.1.0 test
> vitest run


[1m[46m RUN [49m[22m [36mv4.0.18 [39m[90mC:/Users/gaoyu/Documents/GitHub/yigyaps/packages/db[39m

­ƒÜÇ Starting PostgreSQL test container...
­ƒôé Migrations folder: C:\Users\gaoyu\Documents\GitHub\yigyaps\packages\db\migrations
Ô£à Migrations completed successfully
­ƒôï Created tables: yy_api_keys, yy_encrypted_knowledge, yy_invocation_logs, yy_ip_registrations, yy_royalty_ledger, yy_sessions, yy_skill_mints, yy_skill_package_installations, yy_skill_package_reviews, yy_skill_packages, yy_users
Ô£à Test database ready
 [32mÔ£ô[39m __tests__/dal/skill-package-dal.test.ts [2m([22m[2m19 tests[22m[2m)[22m[33m 10717[2mms[22m[39m
       [33m[2mÔ£ô[22m[39m should create a new skill package [33m 739[2mms[22m[39m
       [33m[2mÔ£ô[22m[39m should fail with duplicate packageId [33m 628[2mms[22m[39m
       [33m[2mÔ£ô[22m[39m should retrieve package by id [33m 470[2mms[22m[39m
       [33m[2mÔ£ô[22m[39m should return null for non-existent id [33m 714[2mms[22m[39m
       [33m[2mÔ£ô[22m[39m should retrieve package by packageId [33m 901[2mms[22m[39m
       [33m[2mÔ£ô[22m[39m should return null for non-existent packageId [33m 529[2mms[22m[39m
       [33m[2mÔ£ô[22m[39m should search by query string [33m 511[2mms[22m[39m
       [33m[2mÔ£ô[22m[39m should filter by category [33m 505[2mms[22m[39m
       [33m[2mÔ£ô[22m[39m should filter by maxPriceUsd [33m 473[2mms[22m[39m
       [33m[2mÔ£ô[22m[39m should filter by maturity [33m 464[2mms[22m[39m
       [33m[2mÔ£ô[22m[39m should handle pagination [33m 474[2mms[22m[39m
       [33m[2mÔ£ô[22m[39m should return empty result for no matches [33m 487[2mms[22m[39m
       [33m[2mÔ£ô[22m[39m should combine multiple filters [33m 516[2mms[22m[39m
       [33m[2mÔ£ô[22m[39m should increment install count atomically [33m 570[2mms[22m[39m
       [33m[2mÔ£ô[22m[39m should update rating statistics [33m 709[2mms[22m[39m
       [33m[2mÔ£ô[22m[39m should update package fields [33m 553[2mms[22m[39m
       [33m[2mÔ£ô[22m[39m should return null for non-existent package [33m 459[2mms[22m[39m
       [33m[2mÔ£ô[22m[39m should retrieve packages by author [33m 478[2mms[22m[39m
       [33m[2mÔ£ô[22m[39m should return empty array for author with no packages [33m 535[2mms[22m[39m

[2m Test Files [22m [1m[32m1 passed[39m[22m[90m (1)[39m
[2m      Tests [22m [1m[32m19 passed[39m[22m[90m (19)[39m
[2m   Start at [22m 00:28:54
[2m   Duration [22m 15.46s[2m (transform 46ms, setup 0ms, import 372ms, tests 10.72s, environment 0ms)[22m

