
> yigyaps@0.1.0 test:api
> npm run test --workspace=@yigyaps/api


> @yigyaps/api@0.1.0 test
> vitest run


[1m[46m RUN [49m[22m [36mv4.0.18 [39m[90mC:/Users/gaoyu/Documents/GitHub/yigyaps/packages/api[39m

 [31mÔØ»[39m __tests__/unit/middleware/auth-v2.test.ts [2m([22m[2m18 tests[22m[2m | [22m[31m8 failed[39m[2m)[22m[32m 218[2mms[22m[39m
[31m     [31m├ù[31m should continue without user context when no Authorization header[39m[32m 3[2mms[22m[39m
     [32mÔ£ô[39m should attach user context from valid JWT[32m 3[2mms[22m[39m
     [32mÔ£ô[39m should attach admin user context from valid JWT[32m 1[2mms[22m[39m
     [32mÔ£ô[39m should continue without user context for expired JWT[32m 101[2mms[22m[39m
     [32mÔ£ô[39m should continue without user context for invalid JWT[32m 0[2mms[22m[39m
[31m     [31m├ù[31m should continue without user context for invalid Authorization format[39m[32m 0[2mms[22m[39m
[31m     [31m├ù[31m should continue without user context when Bearer token is missing[39m[32m 0[2mms[22m[39m
[31m     [31m├ù[31m should attach admin context from valid ADMIN_SECRET[39m[32m 2[2mms[22m[39m
     [32mÔ£ô[39m should continue without user context when ADMIN_SECRET does not match[32m 0[2mms[22m[39m
[31m     [31m├ù[31m should return 401 when no Authorization header[39m[32m 0[2mms[22m[39m
[31m     [31m├ù[31m should return 401 for invalid Authorization format[39m[32m 0[2mms[22m[39m
[31m     [31m├ù[31m should return 401 when Bearer token is missing[39m[32m 0[2mms[22m[39m
     [32mÔ£ô[39m should attach user context from valid JWT[32m 1[2mms[22m[39m
     [32mÔ£ô[39m should return 403 for expired JWT[32m 102[2mms[22m[39m
     [32mÔ£ô[39m should return 403 for invalid JWT[32m 0[2mms[22m[39m
[31m     [31m├ù[31m should attach admin context from valid ADMIN_SECRET[39m[32m 1[2mms[22m[39m
     [32mÔ£ô[39m should return 403 when ADMIN_SECRET does not match[32m 0[2mms[22m[39m
     [32mÔ£ô[39m should handle different user tiers correctly[32m 1[2mms[22m[39m
[90mstdout[2m | __tests__/integration/routes/concurrent-stress.test.ts[2m > [22m[2mConcurrent Stress Tests - Race Condition Detection[2m > [22m[2m­ƒÜ¿ Legendary Edition Race Condition (maxEditions: 10)[2m > [22m[2mshould prevent overselling under 20 concurrent requests
[22m[39m
­ƒÜ¿ Legendary Edition Race Condition Results:
   Concurrent requests: 20
   Successful installations: 0
   Edition limit errors (409): 0
   Duplicate install errors: 0
   Final mintedCount: 0
   Expected limit: 10
   Ô£à No overselling detected

[90mstdout[2m | __tests__/integration/routes/installations.test.ts[2m > [22m[2mPOST /v1/installations[2m > [22m[2mRoyalty Calculation[2m > [22m[2mshould calculate royalty correctly for paid package
[22m[39mResponse status: [33m401[39m
Response body: {"error":"Unauthorized","message":"Missing or invalid authentication token"}

[90mstdout[2m | __tests__/integration/routes/concurrent-stress.test.ts[2m > [22m[2mConcurrent Stress Tests - Race Condition Detection[2m > [22m[2m­ƒÜ¿ Legendary Edition Race Condition (maxEditions: 10)[2m > [22m[2mshould handle exact limit boundary (9 ÔåÆ 10 simultaneous requests)
[22m[39m
­ƒÄ» Boundary Test (9 ÔåÆ 10):
   Successful installations: 0
   Final mintedCount: 9

[90mstdout[2m | __tests__/integration/routes/concurrent-stress.test.ts[2m > [22m[2mConcurrent Stress Tests - Race Condition Detection[2m > [22m[2mÔÜí Epic Edition Race Condition (maxEditions: 100)[2m > [22m[2mshould prevent overselling under 150 concurrent requests
[22m[39m
ÔÜí Epic Edition Race Condition Results:
   Concurrent requests: 150
   Successful installations: 0
   Final mintedCount: 0
   Expected limit: 100

[90mstdout[2m | __tests__/integration/routes/concurrent-stress.test.ts[2m > [22m[2mConcurrent Stress Tests - Race Condition Detection[2m > [22m[2m­ƒöÑ Rare Edition Race Condition (maxEditions: 1000)[2m > [22m[2mshould prevent overselling under 1200 concurrent requests
[22m[39m
­ƒöÑ Rare Edition Race Condition Results:
   Concurrent requests: 1200
   Successful installations: 0
   Final mintedCount: 0
   Expected limit: 1000

[90mstdout[2m | __tests__/integration/routes/concurrent-stress.test.ts[2m > [22m[2mConcurrent Stress Tests - Race Condition Detection[2m > [22m[2mÔ£à Common Edition (No Limit)[2m > [22m[2mshould allow unlimited concurrent installations
[22m[39m
Ô£à Common Edition (Unlimited):
   Concurrent requests: 100
   Successful installations: 0
   Final mintedCount: 0

[90mstdout[2m | __tests__/integration/routes/concurrent-stress.test.ts[2m > [22m[2mConcurrent Stress Tests - Race Condition Detection[2m > [22m[2m­ƒôè Performance Metrics[2m > [22m[2mshould complete 100 concurrent requests within reasonable time
[22m[39m
­ƒôè Performance: 100 concurrent requests completed in 6ms
   Average: 0.06ms per request

 [31mÔØ»[39m __tests__/integration/routes/concurrent-stress.test.ts [2m([22m[2m6 tests[22m[2m | [22m[31m3 failed[39m[2m)[22m[33m 14156[2mms[22m[39m
[31m       [31m├ù[31m should prevent overselling under 20 concurrent requests[39m[33m 549[2mms[22m[39m
[31m       [31m├ù[31m should handle exact limit boundary (9 ÔåÆ 10 simultaneous requests)[39m[33m 528[2mms[22m[39m
       [33m[2mÔ£ô[22m[39m should prevent overselling under 150 concurrent requests [33m 600[2mms[22m[39m
       [33m[2mÔ£ô[22m[39m should prevent overselling under 1200 concurrent requests [33m 600[2mms[22m[39m
[31m       [31m├ù[31m should allow unlimited concurrent installations[39m[33m 904[2mms[22m[39m
       [33m[2mÔ£ô[22m[39m should complete 100 concurrent requests within reasonable time [33m 606[2mms[22m[39m
 [32mÔ£ô[39m __tests__/integration/routes/reviews.test.ts [2m([22m[2m12 tests[22m[2m)[22m[33m 17339[2mms[22m[39m
       [33m[2mÔ£ô[22m[39m should create a review with verified badge when user has installed the package [33m 585[2mms[22m[39m
       [33m[2mÔ£ô[22m[39m should create a review without verified badge when user has not installed [33m 563[2mms[22m[39m
       [33m[2mÔ£ô[22m[39m should reject review with invalid rating (below 1) [33m 538[2mms[22m[39m
       [33m[2mÔ£ô[22m[39m should reject review with invalid rating (above 5) [33m 511[2mms[22m[39m
       [33m[2mÔ£ô[22m[39m should reject review with title too short (< 3 chars) [33m 604[2mms[22m[39m
       [33m[2mÔ£ô[22m[39m should reject review with comment too short (< 10 chars) [33m 495[2mms[22m[39m
       [33m[2mÔ£ô[22m[39m should return 404 when package does not exist [33m 662[2mms[22m[39m
       [33m[2mÔ£ô[22m[39m should calculate average rating correctly with multiple reviews [33m 828[2mms[22m[39m
       [33m[2mÔ£ô[22m[39m should return reviews for a package [33m 557[2mms[22m[39m
       [33m[2mÔ£ô[22m[39m should return empty array when no reviews exist [33m 590[2mms[22m[39m
       [33m[2mÔ£ô[22m[39m should paginate reviews correctly with limit and offset [33m 931[2mms[22m[39m
       [33m[2mÔ£ô[22m[39m should respect max limit of 100 reviews [33m 1362[2mms[22m[39m
 [31mÔØ»[39m __tests__/integration/routes/mints.test.ts [2m([22m[2m15 tests[22m[2m | [22m[31m15 failed[39m[2m)[22m[33m 19031[2mms[22m[39m
[31m       [31m├ù[31m should create a common mint successfully[39m[33m 554[2mms[22m[39m
[31m       [31m├ù[31m should create a rare mint with graduation certificate[39m[33m 556[2mms[22m[39m
[31m       [31m├ù[31m should create an epic mint with correct max editions[39m[33m 514[2mms[22m[39m
[31m       [31m├ù[31m should create a legendary mint with correct max editions[39m[33m 530[2mms[22m[39m
[31m       [31m├ù[31m should allow custom maxEditions[39m[33m 588[2mms[22m[39m
[31m       [31m├ù[31m should return 404 for non-existent package[39m[33m 499[2mms[22m[39m
[31m       [31m├ù[31m should return 403 when non-author tries to mint[39m[33m 579[2mms[22m[39m
[31m       [31m├ù[31m should return 409 for duplicate mint[39m[33m 820[2mms[22m[39m
[31m       [31m├ù[31m should return 422 when rare mint lacks graduation certificate[39m[33m 587[2mms[22m[39m
[31m       [31m├ù[31m should return 422 when epic mint lacks graduation certificate[39m[33m 543[2mms[22m[39m
[31m       [31m├ù[31m should return 422 when legendary mint lacks graduation certificate[39m[33m 680[2mms[22m[39m
[31m       [31m├ù[31m should accept common mint without graduation certificate[39m[33m 1107[2mms[22m[39m
[31m       [31m├ù[31m should return zero earnings for new creator[39m[33m 869[2mms[22m[39m
[31m       [31m├ù[31m should return earnings summary after installations[39m[33m 696[2mms[22m[39m
[31m       [31m├ù[31m should limit recent earnings to 20 entries[39m[33m 784[2mms[22m[39m
 [31mÔØ»[39m __tests__/integration/routes/packages.test.ts [2m([22m[2m19 tests[22m[2m | [22m[31m5 failed[39m[2m)[22m[33m 21964[2mms[22m[39m
[31m       [31m├ù[31m should create a new package with admin auth[39m[33m 542[2mms[22m[39m
[31m       [31m├ù[31m should return 409 for duplicate packageId[39m[33m 532[2mms[22m[39m
       [33m[2mÔ£ô[22m[39m should return 401 without admin auth [33m 512[2mms[22m[39m
       [33m[2mÔ£ô[22m[39m should return all packages without filters [33m 584[2mms[22m[39m
       [33m[2mÔ£ô[22m[39m should filter by category [33m 543[2mms[22m[39m
       [33m[2mÔ£ô[22m[39m should filter by license [33m 879[2mms[22m[39m
       [33m[2mÔ£ô[22m[39m should filter by maturity [33m 596[2mms[22m[39m
       [33m[2mÔ£ô[22m[39m should filter by maxPriceUsd [33m 559[2mms[22m[39m
       [33m[2mÔ£ô[22m[39m should handle pagination with limit and offset [33m 696[2mms[22m[39m
       [33m[2mÔ£ô[22m[39m should support query search [33m 1176[2mms[22m[39m
       [33m[2mÔ£ô[22m[39m should support different sort orders [33m 846[2mms[22m[39m
       [33m[2mÔ£ô[22m[39m should return package by id [33m 664[2mms[22m[39m
       [33m[2mÔ£ô[22m[39m should return 404 for non-existent package [33m 629[2mms[22m[39m
       [33m[2mÔ£ô[22m[39m should return package by packageId [33m 430[2mms[22m[39m
       [33m[2mÔ£ô[22m[39m should return 404 for non-existent packageId [33m 491[2mms[22m[39m
[31m       [31m├ù[31m should update package by author[39m[33m 607[2mms[22m[39m
[31m       [31m├ù[31m should return 403 when non-author tries to update[39m[33m 783[2mms[22m[39m
[31m       [31m├ù[31m should return 404 for non-existent package[39m[33m 473[2mms[22m[39m
       [33m[2mÔ£ô[22m[39m should return 401 without admin auth [33m 385[2mms[22m[39m
 [31mÔØ»[39m __tests__/integration/routes/installations.test.ts [2m([22m[2m12 tests[22m[2m | [22m[31m11 failed[39m[2m)[22m[33m 22750[2mms[22m[39m
[31m       [31m├ù[31m should install a free package successfully[39m[33m 722[2mms[22m[39m
[31m       [31m├ù[31m should return 404 for non-existent package[39m[33m 549[2mms[22m[39m
[31m       [31m├ù[31m should block free tier user from installing pro package[39m[33m 550[2mms[22m[39m
[31m       [31m├ù[31m should allow pro tier user to install pro package[39m[33m 521[2mms[22m[39m
[31m       [31m├ù[31m should calculate royalty correctly for paid package[39m[33m 529[2mms[22m[39m
[31m       [31m├ù[31m should use default 70% royalty when not specified[39m[33m 592[2mms[22m[39m
       [33m[2mÔ£ô[22m[39m should not create royalty entry for free package [33m 498[2mms[22m[39m
[31m       [31m├ù[31m should increment minted count when installing limited edition[39m[33m 782[2mms[22m[39m
[31m       [31m├ù[31m should block installation when edition limit reached[39m[33m 724[2mms[22m[39m
[31m       [31m├ù[31m should block duplicate installation by same user[39m[33m 522[2mms[22m[39m
[31m     [31m├ù[31m should uninstall package successfully[39m[33m 322[2mms[22m[39m
[31m     [31m├ù[31m should return 404 for non-existent installation[39m[32m 262[2mms[22m[39m

[2m Test Files [22m [1m[31m5 failed[39m[22m[2m | [22m[1m[32m1 passed[39m[22m[90m (6)[39m
[2m      Tests [22m [1m[31m42 failed[39m[22m[2m | [22m[1m[32m40 passed[39m[22m[90m (82)[39m
[2m   Start at [22m 20:56:14
[2m   Duration [22m 23.70s[2m (transform 505ms, setup 0ms, import 4.61s, tests 95.46s, environment 0ms)[22m

